[hackmit.org/index.html]
[hackmit.org/assets/images/icons/favicon.ico]
[cdn.jsdelivr.net/g/semantic-ui@2.2.1(components/reset.min.css+components/grid.min.css+semantic.min.css]
[fonts.googleapis.com/css820a.css]
[backblue.gif]
[fade.gif]
[index.html]
[hackmit.org/stylesheets/app.css]
[hackmit.org/assets/images/hack-fb-logo.png]
[hackmit.org/assets/images/hack-twitter-logo.png]
[www.facebook.com/tr5ebf.gif]
[www.facebook.com/trb675.gif]
[hackmit.org/assets/video/fire.webm]
[hackmit.org/assets/images/outer-spinner.svg]
[hackmit.org/assets/images/spinner.svg]
[hackmit.org/cdn-cgi/l/email-protection.html]
[hackmit.org/assets/images/speakers/steve.jpg]
[hackmit.org/assets/images/speakers/kyle.jpg]
[hackmit.org/assets/images/speakers/austin.jpg]
[hackmit.org/assets/images/speakers/limor.jpg]
[hackmit.org/assets/images/speakers/maria.jpg]
[hackmit.org/assets/images/speakers/poulomi.jpg]
[hackmit.org/assets/logos/a16z-logo.png]
[hackmit.org/assets/logos/Disney-logo.svg]
[hackmit.org/assets/logos/Google-logo.png]
[hackmit.org/assets/logos/Baidu-logo.png]
[hackmit.org/assets/logos/JumpStart-logo.png]
[hackmit.org/assets/logos/AQR-logo.png]
[hackmit.org/assets/logos/IBM-logo.png]
[hackmit.org/assets/logos/Amadeus-logo.png]
[hackmit.org/assets/logos/Microsoft-logo.png]
[hackmit.org/assets/logos/BroadwayTechnology-logo.png]
[hackmit.org/assets/logos/DEShaw-logo.png]
[hackmit.org/assets/logos/Facebook-logo.png]
[hackmit.org/assets/logos/StateStreet-logo.png]
[hackmit.org/assets/logos/Apple-logo.png]
[hackmit.org/assets/logos/IRobot-logo.png]
[hackmit.org/assets/logos/Fin-logo.png]
[hackmit.org/assets/logos/EFInstituteforCulturalExchangeInc-logo.png]
[hackmit.org/assets/logos/HudsonRiverTrading-logo.png]
[hackmit.org/assets/logos/BoozAllenHamilton-logo.png]
[hackmit.org/assets/logos/GoldmanSachs-logo.png]
[hackmit.org/assets/logos/ConsenSys-logo.png]
[hackmit.org/assets/logos/Concur-logo.png]
[hackmit.org/assets/logos/Kensho-logo.png]
[hackmit.org/assets/logos/Nasdaq-logo.png]
[hackmit.org/assets/logos/Giphy-logo.png]
[hackmit.org/assets/logos/DeepScale-logo.png]
[hackmit.org/assets/logos/JaneStreet-logo.svg]
[hackmit.org/assets/logos/Appian-logo.png]
[hackmit.org/assets/logos/OptumTechnology-logo.png]
[hackmit.org/assets/logos/WolframAlpha-logo.png]
[hackmit.org/assets/logos/GE-logo.png]
[hackmit.org/assets/logos/Fedora-logo.png]
[hackmit.org/assets/logos/Samsara-logo.png]
[hackmit.org/assets/logos/Illumio-logo.png]
[hackmit.org/assets/logos/WorldQuant-logo.png]
[hackmit.org/assets/logos/Akamai-logo.png]
[hackmit.org/assets/logos/Cruise-logo.png]
[hackmit.org/assets/logos/TalkingRain-logo.png]
[hackmit.org/assets/logos/Expo-logo.png]
[hackmit.org/assets/logos/NVBots-logo.png]
[hackmit.org/assets/videos/splash-intro-compressed.mp4]
[hackmit.org/cdn-cgi/scripts/d07b1474/cloudflare-static/email-decode.min.js]
[hackmit.org/js/zepto.min.js]
[hackmit.org/js/zepto-fx.js]
[hackmit.org/js/video.js]
[hackmit.org/js/app.js]
[hackmit.org/index.html]
[cdn.jsdelivr.net/g/semantic-ui@2.2.1(components/reset.min.css+components/grid.min.css+semantic.min.css]
[fonts.googleapis.com/css820a.css]
[hackmit.org/cdn-cgi/l/email-protection.html]
[hackmit.org/assets/images/hack-fb-logo.png]
[hackmit.org/assets/images/hack-twitter-logo.png]
[hackmit.org/assets/video/fire.webm]
[hackmit.org/assets/images/speakers/steve.jpg]
[hackmit.org/assets/images/speakers/kyle.jpg]
[hackmit.org/assets/images/speakers/austin.jpg]
[hackmit.org/assets/images/speakers/limor.jpg]
[hackmit.org/assets/images/speakers/maria.jpg]
[hackmit.org/assets/images/speakers/poulomi.jpg]
[hackmit.org/assets/logos/a16z-logo.png]
[hackmit.org/assets/logos/Google-logo.png]
[hackmit.org/assets/logos/Baidu-logo.png]
[hackmit.org/assets/logos/JumpStart-logo.png]
[hackmit.org/assets/logos/AQR-logo.png]
[hackmit.org/assets/logos/BroadwayTechnology-logo.png]
[hackmit.org/assets/logos/Facebook-logo.png]
[hackmit.org/assets/logos/IRobot-logo.png]
[hackmit.org/assets/logos/Fin-logo.png]
[hackmit.org/assets/logos/EFInstituteforCulturalExchangeInc-logo.png]
[hackmit.org/assets/logos/HudsonRiverTrading-logo.png]
[hackmit.org/assets/logos/GoldmanSachs-logo.png]
[hackmit.org/assets/logos/ConsenSys-logo.png]
[hackmit.org/assets/logos/Concur-logo.png]
[hackmit.org/assets/logos/Nasdaq-logo.png]
[hackmit.org/assets/logos/DeepScale-logo.png]
[hackmit.org/assets/logos/Appian-logo.png]
[hackmit.org/assets/logos/WolframAlpha-logo.png]
[www.facebook.com/tr5ebf.gif]
[hackmit.org/assets/logos/GE-logo.png]
[hackmit.org/assets/logos/WorldQuant-logo.png]
[hackmit.org/assets/logos/Akamai-logo.png]
[hackmit.org/assets/logos/TalkingRain-logo.png]
[hackmit.org/assets/logos/Expo-logo.png]
[hackmit.org/assets/videos/splash-intro-compressed.mp4]
[hackmit.org/cdn-cgi/scripts/d07b1474/cloudflare-static/email-decode.min.js]
[hackmit.org/js/zepto.min.js]
[hackmit.org/js/video.js]
[hackmit.org/js/zepto-fx.js]
[hackmit.org/js/app.js]
[hackmit.org/assets/images/icons/Register Icon@2x.png]
[hackmit.org/assets/images/icons/FAQ Icon@2x.png]
[hackmit.org/assets/images/icons/Speakers Icon@2x.png]
[hackmit.org/assets/images/icons/Sponsors Icon@2x.png]
[hackmit.org/assets/images/icons/Back Icon@2x.png]
[hackmit.org/assets/images/icons/medium-m-gray-200px.png]
[hackmit.org/assets/images/icons/Mail Icon@2x.png]
[hackmit.org/assets/images/icons/Twitter Icon@2x.png]
[hackmit.org/assets/images/icons/Facebook Icon@2x.png]
[hackmit.org/assets/images/icons/Instagram Icon@2x.png]
[hackmit.org/assets/images/hex-button-border@2x.png]
[hackmit.org/assets/images/hex-button-border-disabled@2x.png]
[hackmit.org/assets/images/border-top-left@2x.png]
[hackmit.org/assets/images/border-top-right@2x.png]
[hackmit.org/assets/images/border-top-left@2x.png]
[hackmit.org/assets/images/border-bottom-left@2x.png]
[hackmit.org/assets/images/border-bottom-right@2x.png]
[hackmit.org/assets/images/border-top-left-mobile@2x.png]
[hackmit.org/assets/images/hack-logo/hack_logo_glow.png]
[hackmit.org/stylesheets/app.css]
[www.facebook.com/trb675.gif]
[hackmit.org/assets/images/outer-spinner.svg]
[hackmit.org/assets/images/spinner.svg]
[hackmit.org/assets/logos/Disney-logo.svg]
[hackmit.org/assets/logos/JaneStreet-logo.svg]
[hackmit.org/assets/logos/StateStreet-logo.png]
[connect.facebook.net/en_US/fbevents.js]
[hackmit.org/assets/logos/Datto-logo.png]
[hackmit.org/assets/logos/BNPParibas-logo.png]
[www.google-analytics.com/analytics.js]
